// Jest Snapshot v1, https://goo.gl/fbAQLP

exports[`GameInfo renders 1`] = `
<div>
  <div
    className="status-message"
  >
    foo
  </div>
  <ol>
    bar
  </ol>
</div>
`;
